<a  href="#">content</a>


<h1>This is column cell with type action theme for custom action</h1>
