<td><a href="entity/1/modify">Action modify</a></td>

<td><a href="entity/2/">Modify</a><a href="entity/2/">View</a></td>
