
<th><span>Title</span></th>

<h1>This is column header theme</h1>
