--rollerworks_datagrid_widget datagrid--
<table><thead><tr><th><span>Title</span></th></tr></thead><tbody><tr><td><div>This is value 1</div></td></tr></tbody></table>

--rollerworks_datagrid_widget datagrid_with_theme--
<h1>This is datagrid theme</h1>

--rollerworks_datagrid_header_widget datagrid--
<tr><th><span>Title</span></th></tr>

--rollerworks_datagrid_header_widget datagrid_with_theme--
<tr><th><span>Title</span></th></tr>

--rollerworks_datagrid_rowset_widget datagrid--
<tr><td><div>This is value 1</div></td></tr>

--rollerworks_datagrid_rowset_widget datagrid_with_theme--
<tr><td><div>This is value 2</div></td></tr>
