
<td><div>This is value 1</div></td>

<h1>This is column header for datagrid-with-theme named title</h1>
